[INFO] HHH000412: Hibernate ORM core version 6.6.13.Final
[INFO] HHH000026: Second-level cache disabled
[WARN] HHH10001002: Using built-in connection pool (not intended for production use)
[INFO] HHH10001005: Database info:
	Database JDBC URL [jdbc:mysql://localhost:3306/milou_db]
	Database driver: com.mysql.cj.jdbc.Driver
	Database version: 8.0.42
	Autocommit mode: false
	Isolation level: undefined/unknown
	Minimum pool size: 1
	Maximum pool size: 20
[INFO] HHH000489: No JTA platform available (set 'hibernate.transaction.jta.platform' to enable JTA platform integration)
[DEBUG] 
    [34mselect[0m
        * 
    [34mfrom[0m
        users 
    [34mwhere[0m
        email = ?
[DEBUG] 
    [34mselect[0m
        * 
    [34mfrom[0m
        users 
    [34mwhere[0m
        email = ?
[DEBUG] 
    [34mselect[0m
        * 
    [34mfrom[0m
        users 
    [34mwhere[0m
        email = ?
[DEBUG] 
    [34mselect[0m
        e.id,
        e.sender_id,
        e.subject,
        e.body,
        e.send_time  
    [34mfrom[0m
        emails e 
    [34mjoin[0m
        email_recipients er 
            [34mon[0m er.email_id = e.id 
    [34mwhere[0m
        recipient_id = ? 
        [34mand[0m er.read_time [34mis[0m [34mnull[0m
[DEBUG] 
    [34mselect[0m
        u1_0.id,
        u1_0.email,
        u1_0.name,
        u1_0.password,
        u1_0.signUp_time 
    [34mfrom[0m
        users u1_0 
    [34mwhere[0m
        u1_0.id=?
